// Jest Snapshot v1, https://goo.gl/fbAQLP

exports[`MessageForm should render with snapshot 1`] = `
<DocumentFragment>
  <form
    class="message-form"
    style="width: 100%;"
  >
    <div
      class="MuiContainer-root MuiContainer-maxWidthLg css-jktrrx-MuiContainer-root"
    >
      <div
        class="MuiFormControl-root MuiTextField-root input css-1u3bzj6-MuiFormControl-root-MuiTextField-root"
      >
        <label
          class="MuiInputLabel-root MuiInputLabel-formControl MuiInputLabel-animated MuiInputLabel-outlined MuiFormLabel-root MuiFormLabel-colorPrimary Mui-disabled css-14s5rfu-MuiFormLabel-root-MuiInputLabel-root"
          data-shrink="false"
          for=":r2:"
          id=":r2:-label"
        >
          Message field
        </label>
        <div
          class="MuiOutlinedInput-root MuiInputBase-root MuiInputBase-colorPrimary Mui-disabled MuiInputBase-formControl css-9ddj71-MuiInputBase-root-MuiOutlinedInput-root"
        >
          <input
            aria-invalid="false"
            class="MuiOutlinedInput-input MuiInputBase-input Mui-disabled css-1t8l2tu-MuiInputBase-input-MuiOutlinedInput-input"
            disabled=""
            id=":r2:"
            type="text"
            value=""
          />
          <fieldset
            aria-hidden="true"
            class="MuiOutlinedInput-notchedOutline css-1d3z3hw-MuiOutlinedInput-notchedOutline"
          >
            <legend
              class="css-1ftyaf0"
            >
              <span>
                Message field
              </span>
            </legend>
          </fieldset>
        </div>
      </div>
      <button
        class="MuiButton-root MuiButton-text MuiButton-textPrimary MuiButton-sizeMedium MuiButton-textSizeMedium MuiButtonBase-root Mui-disabled button css-1e6y48t-MuiButtonBase-root-MuiButton-root"
        data-testid="message-send-button"
        disabled=""
        tabindex="-1"
        type="submit"
      >
        Send
      </button>
    </div>
  </form>
</DocumentFragment>
`;
