// Jest Snapshot v1, https://goo.gl/fbAQLP

exports[`MessageForm should render with snapshot 1`] = `
<DocumentFragment>
  <form
    class="message-form border-normal angle-roundish"
  >
    <div
      class="MuiFormControl-root MuiTextField-root input css-1u3bzj6-MuiFormControl-root-MuiTextField-root"
    >
      <label
        class="MuiInputLabel-root MuiInputLabel-formControl MuiInputLabel-animated MuiInputLabel-shrink MuiInputLabel-outlined MuiFormLabel-root MuiFormLabel-colorPrimary Mui-focused css-1sumxir-MuiFormLabel-root-MuiInputLabel-root"
        data-shrink="true"
        for=":r2:"
        id=":r2:-label"
      >
        Message
      </label>
      <div
        class="MuiOutlinedInput-root MuiInputBase-root MuiInputBase-colorPrimary Mui-focused MuiInputBase-formControl css-9ddj71-MuiInputBase-root-MuiOutlinedInput-root"
      >
        <input
          aria-invalid="false"
          class="MuiOutlinedInput-input MuiInputBase-input css-1t8l2tu-MuiInputBase-input-MuiOutlinedInput-input"
          id=":r2:"
          type="text"
          value=""
        />
        <fieldset
          aria-hidden="true"
          class="MuiOutlinedInput-notchedOutline css-1d3z3hw-MuiOutlinedInput-notchedOutline"
        >
          <legend
            class="css-1in441m"
          >
            <span>
              Message
            </span>
          </legend>
        </fieldset>
      </div>
    </div>
    <button
      class="MuiButton-root MuiButton-text MuiButton-textPrimary MuiButton-sizeMedium MuiButton-textSizeMedium MuiButtonBase-root Mui-disabled button css-1e6y48t-MuiButtonBase-root-MuiButton-root"
      data-testid="message-send-button"
      disabled=""
      tabindex="-1"
      type="submit"
    >
      Send
    </button>
  </form>
</DocumentFragment>
`;
