// Jest Snapshot v1, https://goo.gl/fbAQLP

exports[`MessageForm should render with snapshot 1`] = `
<DocumentFragment>
  <form
    class="message-form border-normal angle-roundish"
  >
    <input
      class="input"
      data-testid="messageSendingFormInput"
      type="text"
      value=""
    />
    <button
      class="button"
      data-testid="messageSendingFormButton"
      disabled=""
      type="submit"
    >
      Send
    </button>
  </form>
</DocumentFragment>
`;
