// Jest Snapshot v1, https://goo.gl/fbAQLP

exports[`Message should render with snapshot 1`] = `
<DocumentFragment>
  <li
    class="message message__other-user"
    data-testid="messageItem"
  >
    <span
      class="message__content"
    >
      placerat duis ultricies lacus sed turpis tincidunt id aliquet risus
    </span>
  </li>
</DocumentFragment>
`;
