// Jest Snapshot v1, https://goo.gl/fbAQLP

exports[`MessageList should render with snapshot 1`] = `
<DocumentFragment>
  <div
    class="message-list__container"
  >
    <ul
      class="MuiList-root MuiList-padding gap-medium background-color-primary css-rd5s93-MuiList-root"
      data-testid="messageList"
    >
      <li
        class="message message__other-user"
        data-testid="messageItem"
      >
        <span
          class="message__content"
        >
          placerat duis ultricies lacus sed turpis tincidunt id aliquet risus
        </span>
        <span
          class="message__date-time"
        >
          26/09/1997, 9:00pm
        </span>
      </li>
      <li
        class="message message__other-user"
        data-testid="messageItem"
      >
        <span
          class="message__content"
        >
          et molestie ac feugiat sed lectus vestibulum mattis ullamcorper velit
        </span>
        <span
          class="message__date-time"
        >
          26/09/1997, 9:00pm
        </span>
      </li>
      <li
        class="message message__other-user"
        data-testid="messageItem"
      >
        <span
          class="message__content"
        >
          felis eget velit aliquet sagittis id consectetur purus ut faucibus
        </span>
        <span
          class="message__date-time"
        >
          26/09/1997, 9:00pm
        </span>
      </li>
      <div />
    </ul>
  </div>
</DocumentFragment>
`;
