// Jest Snapshot v1, https://goo.gl/fbAQLP

exports[`MessageList should render with snapshot 1`] = `
<DocumentFragment>
  <div
    class="message-list__container"
  >
    <ul
      class="MuiList-root MuiList-padding gap-medium background-color-primary css-rd5s93-MuiList-root"
      data-testid="messageList"
    >
      <li
        class="message message__user-background message__other-user"
        data-testid="messageItem"
      >
        placerat duis ultricies lacus sed turpis tincidunt id aliquet risus
        <span
          class="message__author-sign"
        >
          Gabor
        </span>
      </li>
      <li
        class="message message__user-background message__other-user"
        data-testid="messageItem"
      >
        et molestie ac feugiat sed lectus vestibulum mattis ullamcorper velit
        <span
          class="message__author-sign"
        >
          Gabor
        </span>
      </li>
      <li
        class="message message__user-background message__other-user"
        data-testid="messageItem"
      >
        felis eget velit aliquet sagittis id consectetur purus ut faucibus
        <span
          class="message__author-sign"
        >
          Gabor
        </span>
      </li>
      <div />
    </ul>
  </div>
</DocumentFragment>
`;
