// Jest Snapshot v1, https://goo.gl/fbAQLP

exports[`Input should render with snapshot 1`] = `
<DocumentFragment>
  <div
    class="MuiFormControl-root MuiTextField-root input css-1u3bzj6-MuiFormControl-root-MuiTextField-root"
  >
    <label
      class="MuiInputLabel-root MuiInputLabel-formControl MuiInputLabel-animated MuiInputLabel-shrink MuiInputLabel-outlined MuiFormLabel-root MuiFormLabel-colorPrimary MuiFormLabel-filled Mui-focused css-1sumxir-MuiFormLabel-root-MuiInputLabel-root"
      data-shrink="true"
      for=":r3:"
      id=":r3:-label"
    >
      Message field
    </label>
    <div
      class="MuiOutlinedInput-root MuiInputBase-root MuiInputBase-colorPrimary Mui-focused MuiInputBase-formControl css-9ddj71-MuiInputBase-root-MuiOutlinedInput-root"
    >
      <input
        aria-invalid="false"
        class="MuiOutlinedInput-input MuiInputBase-input css-1t8l2tu-MuiInputBase-input-MuiOutlinedInput-input"
        id=":r3:"
        placeholder="test placeholder"
        type="text"
        value="test value"
      />
      <fieldset
        aria-hidden="true"
        class="MuiOutlinedInput-notchedOutline css-1d3z3hw-MuiOutlinedInput-notchedOutline"
      >
        <legend
          class="css-1in441m"
        >
          <span>
            Message field
          </span>
        </legend>
      </fieldset>
    </div>
  </div>
</DocumentFragment>
`;
